Flow report for NIOSDuino_MAX10
Wed Sep 23 23:21:22 2020
Quartus Prime Version 18.1.0 Build 625 09/12/2018 SJ Lite Edition


---------------------
; Table of Contents ;
---------------------
  1. Legal Notice
  2. Flow Summary
  3. Flow Settings
  4. Flow Non-Default Global Settings
  5. Flow Elapsed Time
  6. Flow OS Summary
  7. Flow Log
  8. Flow Messages
  9. Flow Suppressed Messages



----------------
; Legal Notice ;
----------------
Copyright (C) 2018  Intel Corporation. All rights reserved.
Your use of Intel Corporation's design tools, logic functions 
and other software and tools, and its AMPP partner logic 
functions, and any output files from any of the foregoing 
(including device programming or simulation files), and any 
associated documentation or information are expressly subject 
to the terms and conditions of the Intel Program License 
Subscription Agreement, the Intel Quartus Prime License Agreement,
the Intel FPGA IP License Agreement, or other applicable license
agreement, including, without limitation, that your use is for
the sole purpose of programming logic devices manufactured by
Intel and sold by Intel or its authorized distributors.  Please
refer to the applicable agreement for further details.



+----------------------------------------------------------------------------------+
; Flow Summary                                                                     ;
+------------------------------------+---------------------------------------------+
; Flow Status                        ; Successful - Wed Sep 23 23:21:13 2020       ;
; Quartus Prime Version              ; 18.1.0 Build 625 09/12/2018 SJ Lite Edition ;
; Revision Name                      ; NIOSDuino_MAX10                             ;
; Top-level Entity Name              ; NIOSDuino_MAX10                             ;
; Family                             ; MAX 10                                      ;
; Device                             ; 10M08SAU169C8G                              ;
; Timing Models                      ; Final                                       ;
; Total logic elements               ; 5,395 / 8,064 ( 67 % )                      ;
;     Total combinational functions  ; 4,827 / 8,064 ( 60 % )                      ;
;     Dedicated logic registers      ; 3,145 / 8,064 ( 39 % )                      ;
; Total registers                    ; 3213                                        ;
; Total pins                         ; 67 / 130 ( 52 % )                           ;
; Total virtual pins                 ; 0                                           ;
; Total memory bits                  ; 275,528 / 387,072 ( 71 % )                  ;
; Embedded Multiplier 9-bit elements ; 0 / 48 ( 0 % )                              ;
; Total PLLs                         ; 1 / 1 ( 100 % )                             ;
; UFM blocks                         ; 1 / 1 ( 100 % )                             ;
; ADC blocks                         ; 1 / 1 ( 100 % )                             ;
+------------------------------------+---------------------------------------------+


+-----------------------------------------+
; Flow Settings                           ;
+-------------------+---------------------+
; Option            ; Setting             ;
+-------------------+---------------------+
; Start date & time ; 09/23/2020 23:18:10 ;
; Main task         ; Compilation         ;
; Revision Name     ; NIOSDuino_MAX10     ;
+-------------------+---------------------+


+--------------------------------------------------------------------------------------------------------------------+
; Flow Non-Default Global Settings                                                                                   ;
+---------------------------------+---------------------------------------+---------------+-------------+------------+
; Assignment Name                 ; Value                                 ; Default Value ; Entity Name ; Section Id ;
+---------------------------------+---------------------------------------+---------------+-------------+------------+
; COMPILER_SIGNATURE_ID           ; 1095881250940.160089588903568         ; --            ; --          ; --         ;
; MAX_CORE_JUNCTION_TEMP          ; 85                                    ; --            ; --          ; --         ;
; MIN_CORE_JUNCTION_TEMP          ; 0                                     ; --            ; --          ; --         ;
; NUM_PARALLEL_PROCESSORS         ; 8                                     ; --            ; --          ; --         ;
; OUTPUT_IO_TIMING_FAR_END_VMEAS  ; Half Signal Swing                     ; --            ; --          ; --         ;
; OUTPUT_IO_TIMING_FAR_END_VMEAS  ; Half Signal Swing                     ; --            ; --          ; --         ;
; OUTPUT_IO_TIMING_NEAR_END_VMEAS ; Half Vccio                            ; --            ; --          ; --         ;
; OUTPUT_IO_TIMING_NEAR_END_VMEAS ; Half Vccio                            ; --            ; --          ; --         ;
; POWER_BOARD_THERMAL_MODEL       ; None (CONSERVATIVE)                   ; --            ; --          ; --         ;
; POWER_PRESET_COOLING_SOLUTION   ; 23 MM HEAT SINK WITH 200 LFPM AIRFLOW ; --            ; --          ; --         ;
; PROJECT_OUTPUT_DIRECTORY        ; output_files                          ; --            ; --          ; --         ;
+---------------------------------+---------------------------------------+---------------+-------------+------------+


+--------------------------------------------------------------------------------------------------------------------------+
; Flow Elapsed Time                                                                                                        ;
+----------------------+--------------+-------------------------+---------------------+------------------------------------+
; Module Name          ; Elapsed Time ; Average Processors Used ; Peak Virtual Memory ; Total CPU Time (on all processors) ;
+----------------------+--------------+-------------------------+---------------------+------------------------------------+
; Analysis & Synthesis ; 00:02:10     ; 1.0                     ; 5042 MB             ; 00:03:16                           ;
; Fitter               ; 00:00:34     ; 1.8                     ; 5934 MB             ; 00:01:20                           ;
; Assembler            ; 00:00:02     ; 1.0                     ; 4706 MB             ; 00:00:02                           ;
; Power Analyzer       ; 00:00:07     ; 2.6                     ; 4944 MB             ; 00:00:17                           ;
; Timing Analyzer      ; 00:00:08     ; 3.0                     ; 4909 MB             ; 00:00:18                           ;
; Total                ; 00:03:01     ; --                      ; --                  ; 00:05:13                           ;
+----------------------+--------------+-------------------------+---------------------+------------------------------------+


+------------------------------------------------------------------------------------+
; Flow OS Summary                                                                    ;
+----------------------+------------------+------------+------------+----------------+
; Module Name          ; Machine Hostname ; OS Name    ; OS Version ; Processor type ;
+----------------------+------------------+------------+------------+----------------+
; Analysis & Synthesis ; DESKTOP-F8PM65P  ; Windows 10 ; 10.0       ; x86_64         ;
; Fitter               ; DESKTOP-F8PM65P  ; Windows 10 ; 10.0       ; x86_64         ;
; Assembler            ; DESKTOP-F8PM65P  ; Windows 10 ; 10.0       ; x86_64         ;
; Power Analyzer       ; DESKTOP-F8PM65P  ; Windows 10 ; 10.0       ; x86_64         ;
; Timing Analyzer      ; DESKTOP-F8PM65P  ; Windows 10 ; 10.0       ; x86_64         ;
+----------------------+------------------+------------+------------+----------------+


------------
; Flow Log ;
------------
quartus_map --read_settings_files=on --write_settings_files=off NIOSDuino_MAX10 -c NIOSDuino_MAX10
quartus_fit --read_settings_files=off --write_settings_files=off NIOSDuino_MAX10 -c NIOSDuino_MAX10
quartus_asm --read_settings_files=off --write_settings_files=off NIOSDuino_MAX10 -c NIOSDuino_MAX10
quartus_pow --read_settings_files=off --write_settings_files=off NIOSDuino_MAX10 -c NIOSDuino_MAX10
quartus_sta NIOSDuino_MAX10 -c NIOSDuino_MAX10



